
> second-brain-relationships-pwa@0.1.0 dev
> vite --host 0.0.0.0


  [32m[1mVITE[22m v6.4.2[39m  [2mready in [0m[1m528[22m[2m[0m ms[22m

  [32m➜[39m  [1mLocal[22m:   [36mhttp://localhost:[1m5173[22m/[39m
  [32m➜[39m  [1mNetwork[22m: [36mhttp://172.16.0.112:[1m5173[22m/[39m
  [32m➜[39m  [1mNetwork[22m: [36mhttp://172.25.80.1:[1m5173[22m/[39m
[2m9:50:26 pm[22m [36m[1m[vite][22m[39m [90m[2m(client)[22m[39m [32mhmr update [39m[2m/src/components/layout/AppShell.jsx, /src/index.css[22m
[2m9:50:48 pm[22m [36m[1m[vite][22m[39m [90m[2m(client)[22m[39m [32mhmr update [39m[2m/src/components/layout/BottomNav.jsx, /src/index.css[22m
[2m10:06:12 pm[22m [36m[1m[vite][22m[39m [90m[2m(client)[22m[39m [32mhmr update [39m[2m/src/components/layout/BottomNav.jsx, /src/index.css[22m
[2m10:08:55 pm[22m [36m[1m[vite][22m[39m [90m[2m(client)[22m[39m [32mhmr update [39m[2m/src/components/layout/BottomNav.jsx, /src/index.css[22m
[2m10:14:56 pm[22m [36m[1m[vite][22m[39m [90m[2m(client)[22m[39m [32mhmr update [39m[2m/src/components/layout/BottomNav.jsx, /src/index.css[22m
[2m10:15:51 pm[22m [36m[1m[vite][22m[39m [90m[2m(client)[22m[39m [32mhmr update [39m[2m/src/components/layout/BottomNav.jsx, /src/index.css[22m
[2m10:24:58 pm[22m [36m[1m[vite][22m[39m [90m[2m(client)[22m[39m [32mhmr update [39m[2m/src/pages/HomePage.jsx, /src/index.css[22m
[2m10:32:39 pm[22m [36m[1m[vite][22m[39m [90m[2m(client)[22m[39m [32mhmr update [39m[2m/src/App.jsx, /src/index.css[22m
[2m10:32:46 pm[22m [36m[1m[vite][22m[39m [90m[2m(client)[22m[39m [32mhmr update [39m[2m/src/components/layout/BottomNav.jsx, /src/index.css[22m
[2m10:37:53 pm[22m [36m[1m[vite][22m[39m [90m[2m(client)[22m[39m [32mhmr update [39m[2m/src/components/interactions/InteractionForm.jsx, /src/index.css[22m
[2m10:37:58 pm[22m [36m[1m[vite][22m[39m [90m[2m(client)[22m[39m [32mhmr update [39m[2m/src/components/interactions/InteractionForm.jsx, /src/index.css[22m
[2m10:38:07 pm[22m [36m[1m[vite][22m[39m [90m[2m(client)[22m[39m [32mhmr update [39m[2m/src/pages/InteractionFormPage.jsx, /src/index.css[22m
[2m10:38:36 pm[22m [36m[1m[vite][22m[39m [90m[2m(client)[22m[39m [32mhmr update [39m[2m/src/components/journal/JournalEntryCard.jsx, /src/index.css[22m
[2m10:38:47 pm[22m [36m[1m[vite][22m[39m [90m[2m(client)[22m[39m [32mhmr update [39m[2m/src/pages/JournalPage.jsx, /src/index.css[22m
[2m10:47:59 pm[22m [36m[1m[vite][22m[39m [90m[2m(client)[22m[39m [32mhmr update [39m[2m/src/components/journal/JournalEntryCard.jsx, /src/index.css[22m
[2m10:49:17 pm[22m [36m[1m[vite][22m[39m [90m[2m(client)[22m[39m [32mhmr update [39m[2m/src/components/journal/JournalEntryCard.jsx, /src/index.css[22m
[2m10:50:23 pm[22m [36m[1m[vite][22m[39m [90m[2m(client)[22m[39m [32mhmr update [39m[2m/src/components/journal/JournalEntryCard.jsx, /src/index.css[22m
[2m10:51:31 pm[22m [36m[1m[vite][22m[39m [90m[2m(client)[22m[39m [32mhmr update [39m[2m/src/components/journal/JournalEntryCard.jsx, /src/index.css[22m
[2m11:23:10 pm[22m [36m[1m[vite][22m[39m [90m[2m(client)[22m[39m [32mhmr update [39m[2m/src/pages/HomePage.jsx, /src/index.css[22m
[2m11:31:15 pm[22m [36m[1m[vite][22m[39m [90m[2m(client)[22m[39m [32mhmr update [39m[2m/src/pages/HomePage.jsx, /src/index.css[22m
[2m11:31:44 pm[22m [36m[1m[vite][22m[39m [90m[2m(client)[22m[39m [32mhmr update [39m[2m/src/components/interactions/NeedsFollowUpWidget.jsx, /src/index.css[22m
[2m11:34:17 pm[22m [36m[1m[vite][22m[39m [90m[2m(client)[22m[39m [32mhmr update [39m[2m/src/pages/HomePage.jsx, /src/index.css[22m
[2m11:35:30 pm[22m [36m[1m[vite][22m[39m [90m[2m(client)[22m[39m [32mhmr update [39m[2m/src/pages/HomePage.jsx, /src/index.css[22m
[2m11:37:40 pm[22m [36m[1m[vite][22m[39m [90m[2m(client)[22m[39m [32mhmr update [39m[2m/src/components/interactions/NeedsFollowUpWidget.jsx, /src/index.css[22m
[2m11:38:59 pm[22m [36m[1m[vite][22m[39m [90m[2m(client)[22m[39m [32mhmr update [39m[2m/src/components/interactions/NeedsFollowUpWidget.jsx, /src/index.css[22m
[2m11:41:18 pm[22m [36m[1m[vite][22m[39m [90m[2m(client)[22m[39m [32mhmr update [39m[2m/src/pages/HomePage.jsx, /src/index.css[22m
[2m11:42:23 pm[22m [36m[1m[vite][22m[39m [90m[2m(client)[22m[39m [32mhmr update [39m[2m/src/pages/HomePage.jsx, /src/index.css[22m
[2m11:43:16 pm[22m [36m[1m[vite][22m[39m [90m[2m(client)[22m[39m [32mhmr update [39m[2m/src/pages/HomePage.jsx, /src/index.css[22m
[2m11:44:06 pm[22m [36m[1m[vite][22m[39m [90m[2m(client)[22m[39m [32mhmr update [39m[2m/src/pages/HomePage.jsx, /src/index.css[22m
[2m11:46:08 pm[22m [36m[1m[vite][22m[39m [90m[2m(client)[22m[39m [32mhmr update [39m[2m/src/components/reminders/HomeRemindersWidget.jsx, /src/index.css[22m
[2m11:46:31 pm[22m [36m[1m[vite][22m[39m [90m[2m(client)[22m[39m [32mhmr update [39m[2m/src/components/reminders/ReminderCard.jsx, /src/index.css[22m
[2m11:47:07 pm[22m [36m[1m[vite][22m[39m [90m[2m(client)[22m[39m [32mhmr update [39m[2m/src/pages/RemindersPage.jsx, /src/index.css[22m
[2m11:52:00 pm[22m [36m[1m[vite][22m[39m [90m[2m(client)[22m[39m [32mhmr update [39m[2m/src/components/reminders/HomeRemindersWidget.jsx, /src/index.css[22m
[2m11:52:24 pm[22m [36m[1m[vite][22m[39m [90m[2m(client)[22m[39m [32mhmr update [39m[2m/src/components/reminders/ReminderCard.jsx, /src/index.css[22m
[2m11:59:14 pm[22m [36m[1m[vite][22m[39m [90m[2m(client)[22m[39m [32mhmr update [39m[2m/src/components/reminders/HomeRemindersWidget.jsx, /src/index.css[22m
[2m12:02:02 am[22m [36m[1m[vite][22m[39m [90m[2m(client)[22m[39m [32mhmr update [39m[2m/src/components/interactions/NeedsFollowUpWidget.jsx, /src/index.css[22m
[2m12:02:02 am[22m [36m[1m[vite][22m[39m [90m[2m(client)[22m[39m [32mhmr update [39m[2m/src/components/reminders/HomeRemindersWidget.jsx, /src/index.css[22m
[2m12:04:17 am[22m [36m[1m[vite][22m[39m [90m[2m(client)[22m[39m [32mhmr update [39m[2m/src/pages/HomePage.jsx, /src/index.css[22m
[2m12:04:17 am[22m [36m[1m[vite][22m[39m [90m[2m(client)[22m[39m [32mhmr update [39m[2m/src/pages/GardenPage.jsx, /src/index.css[22m
[2m12:05:53 am[22m [36m[1m[vite][22m[39m [90m[2m(client)[22m[39m [32mhmr update [39m[2m/src/pages/GardenPage.jsx, /src/index.css[22m
[2m12:07:39 am[22m [36m[1m[vite][22m[39m [90m[2m(client)[22m[39m [32mhmr update [39m[2m/src/components/reminders/HomeRemindersWidget.jsx, /src/index.css[22m
[2m12:25:06 am[22m [36m[1m[vite][22m[39m [90m[2m(client)[22m[39m [32mhmr update [39m[2m/src/pages/HomePage.jsx, /src/index.css[22m
[2m12:25:06 am[22m [36m[1m[vite][22m[39m [90m[2m(client)[22m[39m [32mhmr update [39m[2m/src/components/SuggestedActionCard.jsx, /src/index.css[22m
[2m12:27:13 am[22m [36m[1m[vite][22m[39m [90m[2m(client)[22m[39m [32mhmr update [39m[2m/src/pages/HomePage.jsx, /src/index.css[22m
[2m12:27:13 am[22m [36m[1m[vite][22m[39m [90m[2m(client)[22m[39m [32mhmr update [39m[2m/src/components/SuggestedActionCard.jsx, /src/index.css[22m
[2m12:50:23 am[22m [36m[1m[vite][22m[39m [90m[2m(client)[22m[39m [32mhmr update [39m[2m/src/components/garden/GardenScene.jsx, /src/index.css[22m
[2m12:50:23 am[22m [36m[1m[vite][22m[39m [90m[2m(client)[22m[39m [32mhmr update [39m[2m/src/index.css[22m
[2m1:00:11 am[22m [36m[1m[vite][22m[39m [90m[2m(client)[22m[39m [32mhmr update [39m[2m/src/components/layout/TopBar.jsx, /src/index.css[22m
[2m1:02:14 am[22m [36m[1m[vite][22m[39m [90m[2m(client)[22m[39m [32mhmr update [39m[2m/src/components/layout/TopBar.jsx, /src/index.css[22m
[2m1:15:32 am[22m [36m[1m[vite][22m[39m [90m[2m(client)[22m[39m [32mhmr update [39m[2m/src/pages/HomePage.jsx, /src/index.css[22m
[2m1:15:46 am[22m [36m[1m[vite][22m[39m [90m[2m(client)[22m[39m [32mhmr update [39m[2m/src/pages/HomePage.jsx, /src/index.css[22m
[2m1:34:29 am[22m [36m[1m[vite][22m[39m [90m[2m(client)[22m[39m [32mhmr update [39m[2m/src/components/HealthSummaryCard.jsx, /src/index.css[22m
[2m1:36:51 am[22m [36m[1m[vite][22m[39m [90m[2m(client)[22m[39m [32mhmr update [39m[2m/src/components/layout/TopBar.jsx, /src/index.css[22m
[2m1:36:51 am[22m [36m[1m[vite][22m[39m [90m[2m(client)[22m[39m [32mhmr update [39m[2m/src/pages/LoginPage.jsx, /src/index.css[22m
[2m1:36:51 am[22m [36m[1m[vite][22m[39m [90m[2m(client)[22m[39m [32mpage reload [39m[2mindex.html[22m
[2m2:14:14 am[22m [36m[1m[vite][22m[39m [90m[2m(client)[22m[39m [32mhmr update [39m[2m/src/components/garden/GardenScene.jsx, /src/index.css[22m
[2m2:14:14 am[22m [36m[1m[vite][22m[39m [90m[2m(client)[22m[39m [32mhmr update [39m[2m/src/App.jsx, /src/index.css[22m
[2m2:14:14 am[22m [36m[1m[vite][22m[39m [90m[2m(client)[22m[39m [32mhmr update [39m[2m/src/components/layout/TopBar.jsx, /src/index.css[22m
[2m2:16:49 am[22m [36m[1m[vite][22m[39m [90m[2m(client)[22m[39m [32mhmr update [39m[2m/src/components/garden/GardenScene.jsx, /src/index.css[22m
[2m2:17:58 am[22m [36m[1m[vite][22m[39m [90m[2m(client)[22m[39m [32mhmr update [39m[2m/src/components/garden/GardenScene.jsx, /src/index.css[22m
[2m2:17:58 am[22m [36m[1m[vite][22m[39m [90m[2m(client)[22m[39m [32mhmr update [39m[2m/src/pages/GardenShopPage.jsx, /src/index.css[22m
[2m2:21:10 am[22m [36m[1m[vite][22m[39m [90m[2m(client)[22m[39m [32mhmr update [39m[2m/src/components/garden/GardenScene.jsx, /src/index.css[22m
[2m2:21:27 am[22m [36m[1m[vite][22m[39m [90m[2m(client)[22m[39m [32mhmr update [39m[2m/src/index.css[22m
[2m2:23:35 am[22m [36m[1m[vite][22m[39m [90m[2m(client)[22m[39m [32mhmr update [39m[2m/src/components/garden/GardenScene.jsx, /src/index.css[22m
[2m2:23:52 am[22m [36m[1m[vite][22m[39m [90m[2m(client)[22m[39m [32mhmr update [39m[2m/src/index.css[22m
[2m2:26:42 am[22m [36m[1m[vite][22m[39m [90m[2m(client)[22m[39m [32mhmr update [39m[2m/src/components/garden/GardenScene.jsx, /src/index.css[22m
[2m2:48:22 am[22m [36m[1m[vite][22m[39m [90m[2m(client)[22m[39m [32mhmr update [39m[2m/src/components/interactions/InteractionForm.jsx, /src/index.css[22m
[2m2:48:22 am[22m [36m[1m[vite][22m[39m [90m[2m(client)[22m[39m [32mhmr update [39m[2m/src/components/reminders/ReminderForm.jsx, /src/index.css[22m
[2m2:48:22 am[22m [36m[1m[vite][22m[39m [90m[2m(client)[22m[39m [32mhmr update [39m[2m/src/components/people/PersonForm.jsx, /src/index.css[22m
[2m2:49:06 am[22m [36m[1m[vite][22m[39m [90m[2m(client)[22m[39m [32mhmr update [39m[2m/src/components/interactions/InteractionForm.jsx, /src/index.css[22m
[2m2:49:06 am[22m [36m[1m[vite][22m[39m [90m[2m(client)[22m[39m [32mhmr update [39m[2m/src/components/reminders/ReminderForm.jsx, /src/index.css[22m
[2m2:49:06 am[22m [36m[1m[vite][22m[39m [90m[2m(client)[22m[39m [32mhmr update [39m[2m/src/components/people/PersonForm.jsx, /src/index.css[22m
[2m2:53:15 am[22m [36m[1m[vite][22m[39m [90m[2m(client)[22m[39m [32mhmr update [39m[2m/src/components/people/ProfileDetailsSection.jsx, /src/index.css[22m
[2m2:58:27 am[22m [36m[1m[vite][22m[39m [90m[2m(client)[22m[39m [32mhmr update [39m[2m/src/components/people/ProfileDetailsSection.jsx, /src/index.css[22m
[2m2:58:27 am[22m [36m[1m[vite][22m[39m [90m[2m(client)[22m[39m [32mhmr update [39m[2m/src/components/people/ProfileDetailsSection.jsx, /src/index.css[22m
[2m3:03:32 am[22m [36m[1m[vite][22m[39m [90m[2m(client)[22m[39m [32mhmr update [39m[2m/src/components/people/ProfileDetailsSection.jsx, /src/index.css[22m
[2m3:12:04 am[22m [36m[1m[vite][22m[39m [90m[2m(client)[22m[39m [32mpage reload [39m[2msrc/main.jsx[22m
[2m3:12:04 am[22m [36m[1m[vite][22m[39m [90m[2m(client)[22m[39m [32mhmr update [39m[2m/src/pages/ReminderFormPage.jsx, /src/index.css[22m
[2m3:12:04 am[22m [36m[1m[vite][22m[39m [90m[2m(client)[22m[39m [32mhmr update [39m[2m/src/components/people/ProfileDetailsSection.jsx, /src/index.css[22m
[2m3:12:04 am[22m [36m[1m[vite][22m[39m [90m[2m(client)[22m[39m [32mhmr update [39m[2m/src/components/interactions/NeedsFollowUpWidget.jsx, /src/index.css[22m
[2m3:12:04 am[22m [36m[1m[vite][22m[39m [90m[2m(client)[22m[39m [32mhmr update [39m[2m/src/components/reminders/HomeRemindersWidget.jsx, /src/index.css[22m
[2m3:12:04 am[22m [36m[1m[vite][22m[39m [90m[2m(client)[22m[39m [32mhmr update [39m[2m/src/pages/InteractionFormPage.jsx, /src/index.css[22m
[2m3:12:04 am[22m [36m[1m[vite][22m[39m [90m[2m(client)[22m[39m [32mhmr update [39m[2m/src/pages/PersonFormPage.jsx, /src/index.css[22m
[2m3:12:04 am[22m [36m[1m[vite][22m[39m [90m[2m(client)[22m[39m [32mhmr update [39m[2m/src/pages/RemindersPage.jsx, /src/index.css[22m
[2m3:12:18 am[22m [36m[1m[vite][22m[39m [90m[2m(client)[22m[39m [32mhmr update [39m[2m/src/pages/GardenShopPage.jsx, /src/index.css[22m
[2m3:19:33 am[22m [36m[1m[vite][22m[39m [90m[2m(client)[22m[39m [32mhmr update [39m[2m/src/components/ui/ToastProvider.jsx, /src/index.css[22m
[2m3:19:33 am[22m [36m[1m[vite][22m[39m [90m[2m(client)[22m[39m [33mhmr invalidate [39m[2m/src/components/ui/ToastProvider.jsx[22m Could not Fast Refresh ("useToast" export is incompatible). Learn more at https://github.com/vitejs/vite-plugin-react/tree/main/packages/plugin-react#consistent-components-exports
[2m3:19:33 am[22m [36m[1m[vite][22m[39m [90m[2m(client)[22m[39m [32mpage reload [39m[2msrc/components/ui/ToastProvider.jsx[22m
[2m3:19:46 am[22m [36m[1m[vite][22m[39m [90m[2m(client)[22m[39m [32mhmr update [39m[2m/src/index.css[22m
[2m3:42:19 am[22m [36m[1m[vite][22m[39m [90m[2m(client)[22m[39m [32mhmr update [39m[2m/src/components/garden/GardenScene.jsx, /src/index.css[22m
[2m3:42:19 am[22m [36m[1m[vite][22m[39m [90m[2m(client)[22m[39m [32mhmr update [39m[2m/src/index.css[22m
[2m3:48:04 am[22m [36m[1m[vite][22m[39m [90m[2m(client)[22m[39m [32mhmr update [39m[2m/src/pages/InteractionFormPage.jsx, /src/index.css[22m
[2m3:54:18 am[22m [36m[1m[vite][22m[39m [90m[2m(client)[22m[39m [32mhmr update [39m[2m/src/components/interactions/InteractionForm.jsx, /src/index.css[22m
