Watching for file changes with StatReloader
[18/Apr/2026 22:41:46] "GET /api/v1/interactions?q=Saturday HTTP/1.1" 200 2955
[18/Apr/2026 22:41:46,652] - Broken pipe from ('127.0.0.1', 55903)
[18/Apr/2026 22:42:23] "GET /api/v1/interactions HTTP/1.1" 200 19954
[18/Apr/2026 22:42:26] "GET /api/v1/interactions HTTP/1.1" 200 19954
[18/Apr/2026 22:42:34] "OPTIONS /api/v1/interactions/20 HTTP/1.1" 200 0
[18/Apr/2026 22:42:34] "GET /api/v1/interactions/20 HTTP/1.1" 200 1651
[18/Apr/2026 22:42:34] "GET /api/v1/people HTTP/1.1" 200 25687
[18/Apr/2026 22:44:10] "OPTIONS /api/v1/interactions/25 HTTP/1.1" 200 0
[18/Apr/2026 22:44:10] "GET /api/v1/interactions/25 HTTP/1.1" 200 2953
[18/Apr/2026 22:44:10] "GET /api/v1/people HTTP/1.1" 200 25687
[18/Apr/2026 22:45:14] "PATCH /api/v1/interactions/25 HTTP/1.1" 200 2945
[18/Apr/2026 22:45:14] "GET /api/v1/people HTTP/1.1" 200 25679
[18/Apr/2026 22:45:14] "GET /api/v1/interactions HTTP/1.1" 200 19946
[18/Apr/2026 22:45:21] "GET /api/v1/home HTTP/1.1" 200 21693
[18/Apr/2026 22:47:24] "GET /api/v1/home HTTP/1.1" 200 21693
[18/Apr/2026 22:47:26] "GET /api/v1/interactions HTTP/1.1" 200 19946
[18/Apr/2026 22:48:32] "GET /api/v1/interactions HTTP/1.1" 200 19946
[18/Apr/2026 22:49:24] "GET /api/v1/interactions HTTP/1.1" 200 19946
[18/Apr/2026 22:50:15] "GET /api/v1/interactions HTTP/1.1" 200 19946
[18/Apr/2026 22:50:58] "GET /api/v1/interactions HTTP/1.1" 200 19946
[18/Apr/2026 22:52:22] "GET /api/v1/people HTTP/1.1" 200 25679
[18/Apr/2026 22:52:23] "GET /api/v1/home HTTP/1.1" 200 21693
[18/Apr/2026 22:52:25] "GET /api/v1/garden HTTP/1.1" 200 5207
[18/Apr/2026 22:55:00] "GET /api/v1/home HTTP/1.1" 200 21693
[18/Apr/2026 22:55:24] "GET /api/v1/people HTTP/1.1" 200 25679
[18/Apr/2026 22:55:36] "GET /api/v1/garden HTTP/1.1" 200 5207
[18/Apr/2026 22:55:56] "GET /api/v1/interactions HTTP/1.1" 200 19946
[18/Apr/2026 23:15:44] "GET /api/v1/home HTTP/1.1" 200 21693
[18/Apr/2026 23:19:14] "GET /api/v1/home HTTP/1.1" 200 21693
[18/Apr/2026 23:20:47] "GET /api/v1/garden HTTP/1.1" 200 5207
[18/Apr/2026 23:20:51] "GET /api/v1/home HTTP/1.1" 200 21693
[18/Apr/2026 23:21:29] "GET /api/v1/home HTTP/1.1" 200 21693
D:\TUI\HackCarpathia2026\backend\apps\core\views.py changed, reloading.
Watching for file changes with StatReloader
[18/Apr/2026 23:23:11] "GET /api/v1/home HTTP/1.1" 200 28046
[18/Apr/2026 23:28:24] "GET /api/v1/home HTTP/1.1" 200 28046
[18/Apr/2026 23:30:03] "GET /api/v1/home HTTP/1.1" 200 28046
[18/Apr/2026 23:31:16] "GET /api/v1/home HTTP/1.1" 200 28046
[18/Apr/2026 23:31:47] "GET /api/v1/home HTTP/1.1" 200 28046
[18/Apr/2026 23:33:08] "GET /api/v1/home HTTP/1.1" 200 28046
[18/Apr/2026 23:33:49] "OPTIONS /api/v1/home HTTP/1.1" 200 0
[18/Apr/2026 23:33:49] "GET /api/v1/home HTTP/1.1" 200 28046
[18/Apr/2026 23:34:55] "GET /api/v1/home HTTP/1.1" 200 28046
[18/Apr/2026 23:35:31] "GET /api/v1/home HTTP/1.1" 200 28046
[18/Apr/2026 23:36:20] "GET /api/v1/home HTTP/1.1" 200 28046
[18/Apr/2026 23:36:52] "GET /api/v1/home HTTP/1.1" 200 28046
[18/Apr/2026 23:37:44] "GET /api/v1/home HTTP/1.1" 200 28046
[18/Apr/2026 23:38:21] "GET /api/v1/home HTTP/1.1" 200 28046
[18/Apr/2026 23:39:24] "GET /api/v1/home HTTP/1.1" 200 28046
[18/Apr/2026 23:39:27] "GET /api/v1/home HTTP/1.1" 200 28046
[18/Apr/2026 23:39:33] "GET /api/v1/garden HTTP/1.1" 200 5207
[18/Apr/2026 23:40:21] "GET /api/v1/home HTTP/1.1" 200 28046
[18/Apr/2026 23:41:19] "GET /api/v1/home HTTP/1.1" 200 28046
[18/Apr/2026 23:42:04] "GET /api/v1/home HTTP/1.1" 200 28046
[18/Apr/2026 23:42:36] "GET /api/v1/home HTTP/1.1" 200 28046
[18/Apr/2026 23:43:11] "GET /api/v1/home HTTP/1.1" 200 28046
[18/Apr/2026 23:43:48] "GET /api/v1/home HTTP/1.1" 200 28046
[18/Apr/2026 23:44:28] "GET /api/v1/home HTTP/1.1" 200 28046
[18/Apr/2026 23:45:05] "GET /api/v1/home HTTP/1.1" 200 28046
[18/Apr/2026 23:45:41] "GET /api/v1/home HTTP/1.1" 200 28046
[18/Apr/2026 23:46:46] "GET /api/v1/home HTTP/1.1" 200 28046
[18/Apr/2026 23:47:19] "GET /api/v1/home HTTP/1.1" 200 28046
[18/Apr/2026 23:48:12] "GET /api/v1/interactions HTTP/1.1" 200 19946
[18/Apr/2026 23:48:15] "GET /api/v1/home HTTP/1.1" 200 28046
[18/Apr/2026 23:48:35] "OPTIONS /api/v1/people HTTP/1.1" 200 0
[18/Apr/2026 23:48:35] "GET /api/v1/people HTTP/1.1" 200 25679
[18/Apr/2026 23:50:37] "GET /api/v1/interactions HTTP/1.1" 200 19946
[18/Apr/2026 23:50:45] "GET /api/v1/home HTTP/1.1" 200 28046
[18/Apr/2026 23:51:49] "GET /api/v1/home HTTP/1.1" 200 28046
[18/Apr/2026 23:53:39] "GET /api/v1/home HTTP/1.1" 200 28046
[18/Apr/2026 23:54:01] "GET /api/v1/people HTTP/1.1" 200 25679
[18/Apr/2026 23:55:13] "GET /api/v1/home HTTP/1.1" 200 28046
[18/Apr/2026 23:55:15] "GET /api/v1/people HTTP/1.1" 200 25679
[18/Apr/2026 23:56:24] "GET /api/v1/home HTTP/1.1" 200 28046
[18/Apr/2026 23:58:00] "GET /api/v1/home HTTP/1.1" 200 28046
[18/Apr/2026 23:58:51] "GET /api/v1/home HTTP/1.1" 200 28046
[18/Apr/2026 23:58:59] "OPTIONS /api/v1/reminders/12/complete HTTP/1.1" 200 0
[18/Apr/2026 23:58:59] "POST /api/v1/reminders/12/complete HTTP/1.1" 200 930
[18/Apr/2026 23:58:59] "GET /api/v1/home HTTP/1.1" 200 28030
[18/Apr/2026 23:59:51] "GET /api/v1/home HTTP/1.1" 200 28030
[18/Apr/2026 23:59:55] "GET /api/v1/home HTTP/1.1" 200 28030
[19/Apr/2026 00:00:36] "GET /api/v1/home HTTP/1.1" 200 28030
[19/Apr/2026 00:01:39] "GET /api/v1/home HTTP/1.1" 200 28030
[19/Apr/2026 00:02:16] "GET /api/v1/home HTTP/1.1" 200 28030
[19/Apr/2026 00:02:51] "GET /api/v1/home HTTP/1.1" 200 28030
[19/Apr/2026 00:03:52] "GET /api/v1/home HTTP/1.1" 200 28030
D:\TUI\HackCarpathia2026\backend\apps\core\views.py changed, reloading.
Watching for file changes with StatReloader
[19/Apr/2026 00:04:23] "OPTIONS /api/v1/garden HTTP/1.1" 200 0
[19/Apr/2026 00:04:23] "GET /api/v1/garden HTTP/1.1" 200 5358
[19/Apr/2026 00:04:56] "GET /api/v1/garden HTTP/1.1" 200 5358
D:\TUI\HackCarpathia2026\backend\apps\core\views.py changed, reloading.
Watching for file changes with StatReloader
[19/Apr/2026 00:05:34] "GET /api/v1/garden HTTP/1.1" 200 5358
[19/Apr/2026 00:05:38] "GET /api/v1/home HTTP/1.1" 200 18232
[19/Apr/2026 00:06:16] "GET /api/v1/home HTTP/1.1" 200 18232
[19/Apr/2026 00:06:20] "GET /api/v1/garden HTTP/1.1" 200 5358
[19/Apr/2026 00:07:01] "GET /api/v1/home HTTP/1.1" 200 18232
[19/Apr/2026 00:11:15] "GET /api/v1/home HTTP/1.1" 200 18232
[19/Apr/2026 00:11:37] "POST /api/v1/auth/logout HTTP/1.1" 204 0
[19/Apr/2026 00:11:41] "OPTIONS /api/v1/auth/login HTTP/1.1" 200 0
[19/Apr/2026 00:11:42] "POST /api/v1/auth/login HTTP/1.1" 200 164
[19/Apr/2026 00:11:42] "GET /api/v1/home HTTP/1.1" 200 18232
[19/Apr/2026 00:21:04] "GET /api/v1/home HTTP/1.1" 200 18232
[19/Apr/2026 00:23:32] "GET /api/v1/home HTTP/1.1" 200 18232
[19/Apr/2026 00:24:15] "GET /api/v1/home HTTP/1.1" 200 18232
[19/Apr/2026 00:24:29] "GET /api/v1/garden HTTP/1.1" 200 5358
[19/Apr/2026 00:24:36] "GET /api/v1/people HTTP/1.1" 200 25820
[19/Apr/2026 00:24:51] "GET /api/v1/home HTTP/1.1" 200 18232
[19/Apr/2026 00:26:18] "GET /api/v1/home HTTP/1.1" 200 18232
[19/Apr/2026 00:26:33] "GET /api/v1/people HTTP/1.1" 200 25820
[19/Apr/2026 00:26:36] "GET /api/v1/garden HTTP/1.1" 200 5358
[19/Apr/2026 00:26:37] "GET /api/v1/interactions HTTP/1.1" 200 19946
[19/Apr/2026 00:27:14] "GET /api/v1/home HTTP/1.1" 200 18232
[19/Apr/2026 00:29:10] "GET /api/v1/home HTTP/1.1" 200 18232
[19/Apr/2026 00:29:15] "GET /api/v1/garden HTTP/1.1" 200 5358
[19/Apr/2026 00:29:33] "OPTIONS /api/v1/garden?health=at_risk HTTP/1.1" 200 0
[19/Apr/2026 00:29:33] "GET /api/v1/garden?health=at_risk HTTP/1.1" 200 735
[19/Apr/2026 00:29:34] "OPTIONS /api/v1/garden?health=needs_attention HTTP/1.1" 200 0
[19/Apr/2026 00:29:34] "GET /api/v1/garden?health=needs_attention HTTP/1.1" 200 741
[19/Apr/2026 00:31:04] "GET /api/v1/home HTTP/1.1" 200 18232
[19/Apr/2026 00:32:15] "GET /api/v1/home HTTP/1.1" 200 18232
[19/Apr/2026 00:32:17] "GET /api/v1/people HTTP/1.1" 200 25820
[19/Apr/2026 00:32:20] "GET /api/v1/garden HTTP/1.1" 200 5358
[19/Apr/2026 00:32:21] "GET /api/v1/interactions HTTP/1.1" 200 19946
[19/Apr/2026 00:33:12] "GET /api/v1/interactions HTTP/1.1" 200 19946
[19/Apr/2026 00:33:18] "GET /api/v1/home HTTP/1.1" 200 18232
[19/Apr/2026 00:37:37] "GET /api/v1/garden HTTP/1.1" 200 5358
[19/Apr/2026 00:37:39] "OPTIONS /api/v1/people/19 HTTP/1.1" 200 0
[19/Apr/2026 00:37:39] "GET /api/v1/people/19 HTTP/1.1" 200 2602
[19/Apr/2026 00:38:47] "GET /api/v1/garden?health=at_risk HTTP/1.1" 200 735
[19/Apr/2026 00:38:52] "GET /api/v1/garden?health=needs_attention HTTP/1.1" 200 741
[19/Apr/2026 00:38:56] "GET /api/v1/garden HTTP/1.1" 200 5358
[19/Apr/2026 00:50:18] "GET /api/v1/garden HTTP/1.1" 200 5358
[19/Apr/2026 00:50:23] "GET /api/v1/garden HTTP/1.1" 200 5358
[19/Apr/2026 00:50:58] "GET /api/v1/garden HTTP/1.1" 200 5358
[19/Apr/2026 00:51:07] "GET /api/v1/garden HTTP/1.1" 200 5358
[19/Apr/2026 00:53:43] "OPTIONS /api/v1/people/17 HTTP/1.1" 200 0
[19/Apr/2026 00:53:43] "GET /api/v1/people/17 HTTP/1.1" 200 2968
[19/Apr/2026 00:53:57] "GET /api/v1/home HTTP/1.1" 200 18232
[19/Apr/2026 01:00:42] "GET /api/v1/home HTTP/1.1" 200 18232
[19/Apr/2026 01:00:44] "GET /api/v1/home HTTP/1.1" 200 18232
[19/Apr/2026 01:00:45] "GET /api/v1/garden HTTP/1.1" 200 5358
[19/Apr/2026 01:00:52] "GET /api/v1/people/19 HTTP/1.1" 200 2602
[19/Apr/2026 01:01:53] "GET /api/v1/garden HTTP/1.1" 200 5358
[19/Apr/2026 01:07:47] "GET /api/v1/garden HTTP/1.1" 200 5358
[19/Apr/2026 01:12:53] "GET /api/v1/home HTTP/1.1" 200 18232
[19/Apr/2026 01:13:12] "OPTIONS /api/v1/interactions/15/complete-follow-up HTTP/1.1" 200 0
[19/Apr/2026 01:13:12] "POST /api/v1/interactions/15/complete-follow-up HTTP/1.1" 200 1738
[19/Apr/2026 01:13:12] "GET /api/v1/home HTTP/1.1" 200 16524
[19/Apr/2026 01:13:18] "OPTIONS /api/v1/reminders/16/complete HTTP/1.1" 200 0
[19/Apr/2026 01:13:18] "POST /api/v1/reminders/16/complete HTTP/1.1" 200 942
[19/Apr/2026 01:13:18] "GET /api/v1/home HTTP/1.1" 200 16519
[19/Apr/2026 01:13:20] "GET /api/v1/people/19 HTTP/1.1" 200 2602
[19/Apr/2026 01:13:35] "GET /api/v1/garden HTTP/1.1" 200 5358
[19/Apr/2026 01:13:38] "OPTIONS /api/v1/people/18 HTTP/1.1" 200 0
[19/Apr/2026 01:13:38] "GET /api/v1/people/18 HTTP/1.1" 200 2725
[19/Apr/2026 01:13:44] "OPTIONS /api/v1/interactions HTTP/1.1" 200 0
[19/Apr/2026 01:13:44] "GET /api/v1/interactions HTTP/1.1" 200 19977
[19/Apr/2026 01:13:52] "GET /api/v1/home HTTP/1.1" 200 16519
[19/Apr/2026 01:14:08] "GET /api/v1/garden HTTP/1.1" 200 5358
[19/Apr/2026 01:14:54] "GET /api/v1/home HTTP/1.1" 200 16519
[19/Apr/2026 01:15:33] "GET /api/v1/home HTTP/1.1" 200 16519
Unauthorized: /api/v1/auth/me
[19/Apr/2026 01:22:24] "GET /api/v1/auth/me HTTP/1.1" 401 58
[19/Apr/2026 01:22:24,695] - Broken pipe from ('172.16.0.112', 60967)
[19/Apr/2026 01:25:36] "GET /api/v1/home HTTP/1.1" 200 16519
[19/Apr/2026 01:25:39] "GET /api/v1/home HTTP/1.1" 200 16519
Unauthorized: /api/v1/auth/me
[19/Apr/2026 01:29:54] "GET /api/v1/auth/me HTTP/1.1" 401 58
[19/Apr/2026 01:29:54,600] - Broken pipe from ('172.20.10.3', 57605)
[19/Apr/2026 01:30:11] "OPTIONS /api/v1/auth/login HTTP/1.1" 200 0
[19/Apr/2026 01:30:11] "POST /api/v1/auth/login HTTP/1.1" 200 164
[19/Apr/2026 01:30:12] "OPTIONS /api/v1/home HTTP/1.1" 200 0
[19/Apr/2026 01:30:12] "GET /api/v1/home HTTP/1.1" 200 16519
[19/Apr/2026 01:30:31] "OPTIONS /api/v1/auth/login HTTP/1.1" 200 0
[19/Apr/2026 01:30:31] "POST /api/v1/auth/login HTTP/1.1" 200 164
[19/Apr/2026 01:30:31] "OPTIONS /api/v1/home HTTP/1.1" 200 0
[19/Apr/2026 01:30:31] "GET /api/v1/home HTTP/1.1" 200 16519
[19/Apr/2026 01:31:17] "OPTIONS /api/v1/auth/login HTTP/1.1" 200 0
[19/Apr/2026 01:31:18] "POST /api/v1/auth/login HTTP/1.1" 200 164
[19/Apr/2026 01:31:18] "OPTIONS /api/v1/home HTTP/1.1" 200 0
[19/Apr/2026 01:31:18] "GET /api/v1/home HTTP/1.1" 200 16519
[19/Apr/2026 01:31:30] "GET /api/v1/home HTTP/1.1" 200 16519
[19/Apr/2026 01:31:55] "OPTIONS /api/v1/garden HTTP/1.1" 200 0
[19/Apr/2026 01:31:55] "GET /api/v1/garden HTTP/1.1" 200 5358
[19/Apr/2026 01:32:09] "GET /api/v1/home HTTP/1.1" 200 16519
[19/Apr/2026 01:32:33] "GET /api/v1/garden HTTP/1.1" 200 5358
[19/Apr/2026 01:32:34] "OPTIONS /api/v1/interactions HTTP/1.1" 200 0
[19/Apr/2026 01:32:34] "GET /api/v1/interactions HTTP/1.1" 200 19977
[19/Apr/2026 01:32:37] "OPTIONS /api/v1/people/19 HTTP/1.1" 200 0
[19/Apr/2026 01:32:37] "GET /api/v1/people/19 HTTP/1.1" 200 2602
[19/Apr/2026 01:32:40] "GET /api/v1/home HTTP/1.1" 200 16519
[19/Apr/2026 01:32:57] "OPTIONS /api/v1/garden HTTP/1.1" 200 0
[19/Apr/2026 01:32:57] "GET /api/v1/garden HTTP/1.1" 200 5358
[19/Apr/2026 01:33:49] "GET /api/v1/garden HTTP/1.1" 200 5358
[19/Apr/2026 01:34:32] "GET /api/v1/home HTTP/1.1" 200 16519
[19/Apr/2026 01:34:33] "GET /api/v1/home HTTP/1.1" 200 16519
[19/Apr/2026 01:34:37] "OPTIONS /api/v1/people HTTP/1.1" 200 0
[19/Apr/2026 01:34:37] "GET /api/v1/people HTTP/1.1" 200 25987
[19/Apr/2026 01:34:39] "GET /api/v1/garden HTTP/1.1" 200 5358
[19/Apr/2026 01:34:41] "GET /api/v1/interactions HTTP/1.1" 200 19977
[19/Apr/2026 01:35:04] "GET /api/v1/garden HTTP/1.1" 200 5358
[19/Apr/2026 01:35:12] "GET /api/v1/home HTTP/1.1" 200 16519
[19/Apr/2026 01:35:17] "OPTIONS /api/v1/people HTTP/1.1" 200 0
[19/Apr/2026 01:35:17] "GET /api/v1/people HTTP/1.1" 200 25987
[19/Apr/2026 01:35:19] "OPTIONS /api/v1/interactions HTTP/1.1" 200 0
[19/Apr/2026 01:35:19] "GET /api/v1/interactions HTTP/1.1" 200 19977
[19/Apr/2026 01:36:45] "GET /api/v1/home HTTP/1.1" 200 16519
[19/Apr/2026 01:36:52] "GET /api/v1/home HTTP/1.1" 200 16519
[19/Apr/2026 01:36:53] "GET /api/v1/home HTTP/1.1" 200 16519
[19/Apr/2026 01:37:18] "GET /api/v1/garden HTTP/1.1" 200 5358
[19/Apr/2026 01:37:19] "GET /api/v1/interactions HTTP/1.1" 200 19977
[19/Apr/2026 01:37:21] "GET /api/v1/people HTTP/1.1" 200 25987
[19/Apr/2026 01:37:48] "GET /api/v1/home HTTP/1.1" 200 16519
[19/Apr/2026 01:38:22] "GET /api/v1/home HTTP/1.1" 200 16519
[19/Apr/2026 02:01:52] "GET /api/v1/home HTTP/1.1" 200 14588
[19/Apr/2026 02:01:54] "GET /api/v1/garden HTTP/1.1" 200 5358
[19/Apr/2026 02:03:26] "GET /api/v1/garden HTTP/1.1" 200 5358
[19/Apr/2026 02:06:02] "OPTIONS /api/v1/home HTTP/1.1" 200 0
[19/Apr/2026 02:06:04] "OPTIONS /api/v1/home HTTP/1.1" 200 0
[19/Apr/2026 02:06:04] "GET /api/v1/home HTTP/1.1" 200 14588
[19/Apr/2026 02:07:07] "OPTIONS /api/v1/home HTTP/1.1" 200 0
[19/Apr/2026 02:07:07] "GET /api/v1/home HTTP/1.1" 200 14588
[19/Apr/2026 02:08:12] "GET /api/v1/home HTTP/1.1" 200 14588
[19/Apr/2026 02:08:14] "GET /api/v1/home HTTP/1.1" 200 14588
[19/Apr/2026 02:08:14,620] - Broken pipe from ('172.20.10.1', 57016)
[19/Apr/2026 02:08:15] "GET /api/v1/home HTTP/1.1" 200 14588
[19/Apr/2026 02:08:33] "GET /api/v1/home HTTP/1.1" 200 14588
[19/Apr/2026 02:08:33] "GET /api/v1/home HTTP/1.1" 200 14588
[19/Apr/2026 02:08:45] "OPTIONS /api/v1/people HTTP/1.1" 200 0
[19/Apr/2026 02:08:45] "GET /api/v1/people HTTP/1.1" 200 25987
[19/Apr/2026 02:08:52] "OPTIONS /api/v1/garden HTTP/1.1" 200 0
[19/Apr/2026 02:08:52] "GET /api/v1/garden HTTP/1.1" 200 5358
[19/Apr/2026 02:09:03] "OPTIONS /api/v1/interactions HTTP/1.1" 200 0
[19/Apr/2026 02:09:03] "GET /api/v1/interactions HTTP/1.1" 200 19977
[19/Apr/2026 02:09:16] "GET /api/v1/home HTTP/1.1" 200 14588
[19/Apr/2026 02:11:11] "GET /api/v1/garden HTTP/1.1" 200 5358
[19/Apr/2026 02:12:41] "GET /api/v1/garden HTTP/1.1" 200 5358
[19/Apr/2026 02:12:55] "OPTIONS /api/v1/home HTTP/1.1" 200 0
[19/Apr/2026 02:12:55] "GET /api/v1/home HTTP/1.1" 200 14588
[19/Apr/2026 02:13:16] "OPTIONS /api/v1/reminders/11/complete HTTP/1.1" 200 0
[19/Apr/2026 02:13:16] "POST /api/v1/reminders/11/complete HTTP/1.1" 200 914
[19/Apr/2026 02:13:16] "GET /api/v1/home HTTP/1.1" 200 14585
[19/Apr/2026 02:13:24] "OPTIONS /api/v1/people HTTP/1.1" 200 0
[19/Apr/2026 02:13:24] "GET /api/v1/people HTTP/1.1" 200 26128
[19/Apr/2026 02:13:29] "OPTIONS /api/v1/reminders HTTP/1.1" 200 0
[19/Apr/2026 02:13:29] "POST /api/v1/reminders HTTP/1.1" 201 895
[19/Apr/2026 02:13:29] "OPTIONS /api/v1/people/13 HTTP/1.1" 200 0
[19/Apr/2026 02:13:29] "GET /api/v1/people/13 HTTP/1.1" 200 4555
[19/Apr/2026 02:13:47] "POST /api/v1/reminders HTTP/1.1" 201 895
[19/Apr/2026 02:13:50] "GET /api/v1/home HTTP/1.1" 200 16545
[19/Apr/2026 02:14:01] "GET /api/v1/people HTTP/1.1" 200 26440
[19/Apr/2026 02:14:05] "POST /api/v1/reminders HTTP/1.1" 201 895
[19/Apr/2026 02:14:06] "GET /api/v1/people/13 HTTP/1.1" 200 4867
[19/Apr/2026 02:14:14] "GET /api/v1/home HTTP/1.1" 200 16545
[19/Apr/2026 02:14:16] "GET /api/v1/garden HTTP/1.1" 200 5358
[19/Apr/2026 02:14:21] "POST /api/v1/reminders HTTP/1.1" 201 895
[19/Apr/2026 02:14:28] "POST /api/v1/reminders HTTP/1.1" 201 895
[19/Apr/2026 02:14:32] "POST /api/v1/reminders HTTP/1.1" 201 895
[19/Apr/2026 02:14:36] "GET /api/v1/people HTTP/1.1" 200 26752
[19/Apr/2026 02:14:38] "GET /api/v1/people/13 HTTP/1.1" 200 5023
[19/Apr/2026 02:14:43] "GET /api/v1/home HTTP/1.1" 200 16545
[19/Apr/2026 02:14:54] "GET /api/v1/garden HTTP/1.1" 200 5358
[19/Apr/2026 02:14:58] "GET /api/v1/garden HTTP/1.1" 200 5358
[19/Apr/2026 02:16:44] "GET /api/v1/garden HTTP/1.1" 200 5358
[19/Apr/2026 02:16:51] "GET /api/v1/home HTTP/1.1" 200 16545
[19/Apr/2026 02:16:51,238] - Broken pipe from ('172.20.10.1', 57059)
[19/Apr/2026 02:16:51] "GET /api/v1/home HTTP/1.1" 200 16545
[19/Apr/2026 02:16:52] "OPTIONS /api/v1/garden HTTP/1.1" 200 0
[19/Apr/2026 02:16:52] "GET /api/v1/garden HTTP/1.1" 200 5358
[19/Apr/2026 02:16:56] "GET /api/v1/people HTTP/1.1" 200 26752
[19/Apr/2026 02:17:58] "GET /api/v1/garden HTTP/1.1" 200 5358
[19/Apr/2026 02:18:06] "GET /api/v1/garden HTTP/1.1" 200 5358
[19/Apr/2026 02:18:45] "GET /api/v1/garden HTTP/1.1" 200 5358
[19/Apr/2026 02:18:54] "GET /api/v1/garden HTTP/1.1" 200 5358
[19/Apr/2026 02:18:56] "GET /api/v1/home HTTP/1.1" 200 16545
[19/Apr/2026 02:19:02] "OPTIONS /api/v1/home HTTP/1.1" 200 0
[19/Apr/2026 02:19:02] "GET /api/v1/home HTTP/1.1" 200 16545
[19/Apr/2026 02:19:03] "OPTIONS /api/v1/garden HTTP/1.1" 200 0
[19/Apr/2026 02:19:03] "GET /api/v1/garden HTTP/1.1" 200 5358
[19/Apr/2026 02:19:37] "GET /api/v1/interactions HTTP/1.1" 200 19977
[19/Apr/2026 02:19:58] "GET /api/v1/garden HTTP/1.1" 200 5358
[19/Apr/2026 02:19:59] "GET /api/v1/garden HTTP/1.1" 200 5358
[19/Apr/2026 02:20:23] "GET /api/v1/interactions HTTP/1.1" 200 19977
[19/Apr/2026 02:20:35] "GET /api/v1/garden HTTP/1.1" 200 5358
[19/Apr/2026 02:21:27] "GET /api/v1/garden HTTP/1.1" 200 5358
[19/Apr/2026 02:22:18] "GET /api/v1/garden HTTP/1.1" 200 5358
[19/Apr/2026 02:23:03] "GET /api/v1/garden HTTP/1.1" 200 5358
[19/Apr/2026 02:24:13] "GET /api/v1/garden HTTP/1.1" 200 5358
[19/Apr/2026 02:25:08] "GET /api/v1/garden HTTP/1.1" 200 5358
[19/Apr/2026 02:26:20] "GET /api/v1/garden HTTP/1.1" 200 5358
[19/Apr/2026 02:26:43] "GET /api/v1/people HTTP/1.1" 200 26752
[19/Apr/2026 02:26:45] "OPTIONS /api/v1/people/13 HTTP/1.1" 200 0
[19/Apr/2026 02:26:45] "GET /api/v1/people/13 HTTP/1.1" 200 5023
[19/Apr/2026 02:27:22] "GET /api/v1/people/13 HTTP/1.1" 200 5023
[19/Apr/2026 02:27:56] "GET /api/v1/people/13 HTTP/1.1" 200 5023
[19/Apr/2026 02:28:04] "GET /api/v1/garden HTTP/1.1" 200 5358
[19/Apr/2026 02:28:09] "GET /api/v1/home HTTP/1.1" 200 16545
[19/Apr/2026 02:28:13] "GET /api/v1/people HTTP/1.1" 200 26752
[19/Apr/2026 02:28:20] "GET /api/v1/home HTTP/1.1" 200 16545
[19/Apr/2026 02:28:36] "GET /api/v1/garden HTTP/1.1" 200 5358
[19/Apr/2026 02:34:17] "OPTIONS /api/v1/home HTTP/1.1" 200 0
[19/Apr/2026 02:34:18] "GET /api/v1/home HTTP/1.1" 200 16545
[19/Apr/2026 02:41:29] "GET /api/v1/people HTTP/1.1" 200 26752
[19/Apr/2026 02:44:16] "GET /api/v1/people HTTP/1.1" 200 26752
[19/Apr/2026 02:44:21] "GET /api/v1/home HTTP/1.1" 200 16545
[19/Apr/2026 02:44:23] "GET /api/v1/people HTTP/1.1" 200 26752
[19/Apr/2026 02:44:24] "GET /api/v1/garden HTTP/1.1" 200 5358
[19/Apr/2026 02:44:27] "GET /api/v1/interactions HTTP/1.1" 200 19977
[19/Apr/2026 02:45:15] "GET /api/v1/home HTTP/1.1" 200 16545
[19/Apr/2026 02:45:56] "GET /api/v1/home HTTP/1.1" 200 16545
[19/Apr/2026 02:45:58] "GET /api/v1/people HTTP/1.1" 200 26752
[19/Apr/2026 02:48:55] "GET /api/v1/people HTTP/1.1" 200 26752
[19/Apr/2026 02:49:17] "GET /api/v1/home HTTP/1.1" 200 16545
[19/Apr/2026 02:50:01] "GET /api/v1/home HTTP/1.1" 200 16545
[19/Apr/2026 02:50:06] "GET /api/v1/people HTTP/1.1" 200 26752
[19/Apr/2026 02:50:08] "GET /api/v1/people HTTP/1.1" 200 26752
[19/Apr/2026 02:50:27] "OPTIONS /api/v1/reminders HTTP/1.1" 200 0
[19/Apr/2026 02:50:27] "POST /api/v1/reminders HTTP/1.1" 201 895
[19/Apr/2026 02:50:28] "GET /api/v1/people/13 HTTP/1.1" 200 5023
[19/Apr/2026 02:55:29] "GET /api/v1/people/13 HTTP/1.1" 200 5023
[19/Apr/2026 02:55:37] "OPTIONS /api/v1/profile-details/34 HTTP/1.1" 200 0
[19/Apr/2026 02:55:37] "PATCH /api/v1/profile-details/34 HTTP/1.1" 200 176
[19/Apr/2026 02:55:37] "GET /api/v1/people/13 HTTP/1.1" 200 5023
[19/Apr/2026 02:56:10] "GET /api/v1/people/13 HTTP/1.1" 200 5023
[19/Apr/2026 02:56:58] "GET /api/v1/people/13 HTTP/1.1" 200 5023
[19/Apr/2026 03:02:32] "GET /api/v1/people/13 HTTP/1.1" 200 5023
[19/Apr/2026 03:03:01] "OPTIONS /api/v1/people/13/details HTTP/1.1" 200 0
[19/Apr/2026 03:03:01] "POST /api/v1/people/13/details HTTP/1.1" 201 178
[19/Apr/2026 03:03:01] "GET /api/v1/people/13 HTTP/1.1" 200 5345
[19/Apr/2026 03:03:57] "GET /api/v1/people/13 HTTP/1.1" 200 5345
[19/Apr/2026 03:04:09] "GET /api/v1/home HTTP/1.1" 200 16545
[19/Apr/2026 03:04:15] "GET /api/v1/people HTTP/1.1" 200 27074
[19/Apr/2026 03:05:00] "GET /api/v1/people HTTP/1.1" 200 27074
[19/Apr/2026 03:07:26] "GET /api/v1/people HTTP/1.1" 200 27074
[19/Apr/2026 03:08:22] "GET /api/v1/people HTTP/1.1" 200 27074
[19/Apr/2026 03:10:23] "GET /api/v1/people HTTP/1.1" 200 27074
[19/Apr/2026 03:10:26] "GET /api/v1/home HTTP/1.1" 200 16545
[19/Apr/2026 03:12:06] "GET /api/v1/home HTTP/1.1" 200 16545
[19/Apr/2026 03:13:37] "GET /api/v1/home HTTP/1.1" 200 16545
[19/Apr/2026 03:13:44] "GET /api/v1/people HTTP/1.1" 200 27074
[19/Apr/2026 03:13:54] "POST /api/v1/reminders HTTP/1.1" 201 890
[19/Apr/2026 03:13:54] "OPTIONS /api/v1/interactions/20/complete-follow-up HTTP/1.1" 200 0
[19/Apr/2026 03:13:54] "POST /api/v1/interactions/20/complete-follow-up HTTP/1.1" 200 1682
[19/Apr/2026 03:13:54] "GET /api/v1/people HTTP/1.1" 200 27244
[19/Apr/2026 03:13:54] "GET /api/v1/reminders HTTP/1.1" 200 17121
[19/Apr/2026 03:14:04] "OPTIONS /api/v1/reminders/15/snooze HTTP/1.1" 200 0
[19/Apr/2026 03:14:04] "POST /api/v1/reminders/15/snooze HTTP/1.1" 200 895
[19/Apr/2026 03:14:04] "GET /api/v1/reminders HTTP/1.1" 200 17121
[19/Apr/2026 03:14:08] "OPTIONS /api/v1/reminders/21/complete HTTP/1.1" 200 0
[19/Apr/2026 03:14:08] "POST /api/v1/reminders/21/complete HTTP/1.1" 200 917
[19/Apr/2026 03:14:09] "GET /api/v1/reminders HTTP/1.1" 200 17148
[19/Apr/2026 03:14:11] "GET /api/v1/people HTTP/1.1" 200 27385
[19/Apr/2026 03:14:13] "GET /api/v1/home HTTP/1.1" 200 14898
[19/Apr/2026 03:14:14] "GET /api/v1/people HTTP/1.1" 200 27385
[19/Apr/2026 03:14:18] "POST /api/v1/reminders HTTP/1.1" 201 895
[19/Apr/2026 03:14:18] "OPTIONS /api/v1/interactions/25/complete-follow-up HTTP/1.1" 200 0
[19/Apr/2026 03:14:18] "POST /api/v1/interactions/25/complete-follow-up HTTP/1.1" 200 2976
[19/Apr/2026 03:14:18] "GET /api/v1/people HTTP/1.1" 200 27411
[19/Apr/2026 03:14:18] "GET /api/v1/reminders HTTP/1.1" 200 18044
[19/Apr/2026 03:14:35] "OPTIONS /api/v1/reminders/22/snooze HTTP/1.1" 200 0
[19/Apr/2026 03:14:35] "POST /api/v1/reminders/22/snooze HTTP/1.1" 200 895
[19/Apr/2026 03:14:35] "GET /api/v1/reminders HTTP/1.1" 200 18044
[19/Apr/2026 03:14:38] "GET /api/v1/home HTTP/1.1" 200 11953
[19/Apr/2026 03:15:03] "GET /api/v1/people HTTP/1.1" 200 27411
[19/Apr/2026 03:15:05] "GET /api/v1/people HTTP/1.1" 200 27411
[19/Apr/2026 03:15:06] "GET /api/v1/reminders HTTP/1.1" 200 18044
[19/Apr/2026 03:15:13] "GET /api/v1/home HTTP/1.1" 200 11953
[19/Apr/2026 03:16:19] "POST /api/v1/interactions HTTP/1.1" 201 1572
[19/Apr/2026 03:16:19] "OPTIONS /api/v1/people/21 HTTP/1.1" 200 0
[19/Apr/2026 03:16:19] "GET /api/v1/people HTTP/1.1" 200 28034
[19/Apr/2026 03:16:19] "GET /api/v1/people/21 HTTP/1.1" 200 3259
[19/Apr/2026 03:16:50] "GET /api/v1/people/21 HTTP/1.1" 200 3259
[19/Apr/2026 03:16:54] "GET /api/v1/home HTTP/1.1" 200 13511
[19/Apr/2026 03:19:35] "GET /api/v1/home HTTP/1.1" 200 13511
[19/Apr/2026 03:21:43] "GET /api/v1/home HTTP/1.1" 200 13511
[19/Apr/2026 03:21:48] "GET /api/v1/people HTTP/1.1" 200 28034
[19/Apr/2026 03:22:24] "POST /api/v1/interactions HTTP/1.1" 201 1580
[19/Apr/2026 03:22:24] "OPTIONS /api/v1/people/16 HTTP/1.1" 200 0
[19/Apr/2026 03:22:24] "GET /api/v1/people HTTP/1.1" 200 28963
[19/Apr/2026 03:22:24] "GET /api/v1/people/16 HTTP/1.1" 200 3546
[19/Apr/2026 03:22:33] "GET /api/v1/home HTTP/1.1" 200 15097
[19/Apr/2026 03:23:53] "GET /api/v1/people HTTP/1.1" 200 28963
[19/Apr/2026 03:23:55] "POST /api/v1/reminders HTTP/1.1" 201 863
[19/Apr/2026 03:23:55] "OPTIONS /api/v1/interactions/27/complete-follow-up HTTP/1.1" 200 0
[19/Apr/2026 03:23:55] "POST /api/v1/interactions/27/complete-follow-up HTTP/1.1" 200 1611
[19/Apr/2026 03:23:55] "GET /api/v1/reminders HTTP/1.1" 200 18868
[19/Apr/2026 03:23:55] "GET /api/v1/people HTTP/1.1" 200 29128
[19/Apr/2026 03:24:34] "OPTIONS /api/v1/reminders/23/complete HTTP/1.1" 200 0
[19/Apr/2026 03:24:34] "POST /api/v1/reminders/23/complete HTTP/1.1" 200 922
[19/Apr/2026 03:24:34] "GET /api/v1/reminders HTTP/1.1" 200 18895
[19/Apr/2026 03:24:41] "GET /api/v1/people HTTP/1.1" 200 29269
[19/Apr/2026 03:24:43] "GET /api/v1/home HTTP/1.1" 200 13516
[19/Apr/2026 03:26:23] "GET /api/v1/people HTTP/1.1" 200 29269
[19/Apr/2026 03:26:32] "GET /api/v1/garden HTTP/1.1" 200 5331
[19/Apr/2026 03:26:35] "OPTIONS /api/v1/garden?health=needs_attention HTTP/1.1" 200 0
[19/Apr/2026 03:26:35] "GET /api/v1/garden?health=needs_attention HTTP/1.1" 200 741
[19/Apr/2026 03:26:36] "OPTIONS /api/v1/garden?health=at_risk HTTP/1.1" 200 0
[19/Apr/2026 03:26:36] "GET /api/v1/garden?health=at_risk HTTP/1.1" 200 735
[19/Apr/2026 03:27:06] "OPTIONS /api/v1/people/14 HTTP/1.1" 200 0
[19/Apr/2026 03:27:06] "GET /api/v1/people/14 HTTP/1.1" 200 2933
[19/Apr/2026 03:27:18] "GET /api/v1/people HTTP/1.1" 200 29269
[19/Apr/2026 03:27:33] "POST /api/v1/reminders HTTP/1.1" 201 881
[19/Apr/2026 03:27:33] "GET /api/v1/people HTTP/1.1" 200 29396
[19/Apr/2026 03:27:33] "GET /api/v1/reminders HTTP/1.1" 200 19777
[19/Apr/2026 03:28:12] "OPTIONS /api/v1/reminders/24/complete HTTP/1.1" 200 0
[19/Apr/2026 03:28:12] "POST /api/v1/reminders/24/complete HTTP/1.1" 200 923
[19/Apr/2026 03:28:12] "GET /api/v1/reminders HTTP/1.1" 200 19813
[19/Apr/2026 03:28:19] "OPTIONS /api/v1/reminders/25/complete HTTP/1.1" 200 0
[19/Apr/2026 03:28:20] "POST /api/v1/reminders/25/complete HTTP/1.1" 200 923
[19/Apr/2026 03:28:20] "GET /api/v1/reminders HTTP/1.1" 200 19840
[19/Apr/2026 03:28:23] "OPTIONS /api/v1/reminders/26/complete HTTP/1.1" 200 0
[19/Apr/2026 03:28:23] "POST /api/v1/reminders/26/complete HTTP/1.1" 200 923
[19/Apr/2026 03:28:23] "GET /api/v1/reminders HTTP/1.1" 200 19867
[19/Apr/2026 03:28:26] "OPTIONS /api/v1/reminders/27/complete HTTP/1.1" 200 0
[19/Apr/2026 03:28:26] "POST /api/v1/reminders/27/complete HTTP/1.1" 200 923
[19/Apr/2026 03:28:26] "GET /api/v1/reminders HTTP/1.1" 200 19894
[19/Apr/2026 03:28:29] "OPTIONS /api/v1/reminders/28/complete HTTP/1.1" 200 0
[19/Apr/2026 03:28:29] "POST /api/v1/reminders/28/complete HTTP/1.1" 200 923
[19/Apr/2026 03:28:29] "GET /api/v1/reminders HTTP/1.1" 200 19921
[19/Apr/2026 03:28:49] "OPTIONS /api/v1/reminders/29/complete HTTP/1.1" 200 0
[19/Apr/2026 03:28:49] "POST /api/v1/reminders/29/complete HTTP/1.1" 200 917
[19/Apr/2026 03:28:49] "GET /api/v1/reminders HTTP/1.1" 200 19948
[19/Apr/2026 03:28:53] "OPTIONS /api/v1/reminders/30/complete HTTP/1.1" 200 0
[19/Apr/2026 03:28:53] "POST /api/v1/reminders/30/complete HTTP/1.1" 200 923
[19/Apr/2026 03:28:53] "GET /api/v1/reminders HTTP/1.1" 200 19975
[19/Apr/2026 03:28:56] "OPTIONS /api/v1/reminders/31/complete HTTP/1.1" 200 0
[19/Apr/2026 03:28:56] "POST /api/v1/reminders/31/complete HTTP/1.1" 200 890
[19/Apr/2026 03:28:56] "GET /api/v1/reminders HTTP/1.1" 200 20002
[19/Apr/2026 03:29:00] "OPTIONS /api/v1/reminders/32/complete HTTP/1.1" 200 0
[19/Apr/2026 03:29:01] "POST /api/v1/reminders/32/complete HTTP/1.1" 200 908
[19/Apr/2026 03:29:01] "GET /api/v1/reminders HTTP/1.1" 200 20029
[19/Apr/2026 03:29:03] "OPTIONS /api/v1/reminders/15/complete HTTP/1.1" 200 0
[19/Apr/2026 03:29:03] "POST /api/v1/reminders/15/complete HTTP/1.1" 200 922
[19/Apr/2026 03:29:03] "GET /api/v1/reminders HTTP/1.1" 200 20056
[19/Apr/2026 03:29:08] "GET /api/v1/people HTTP/1.1" 200 30107
[19/Apr/2026 03:29:59] "POST /api/v1/reminders HTTP/1.1" 201 863
[19/Apr/2026 03:29:59] "GET /api/v1/people HTTP/1.1" 200 30244
[19/Apr/2026 03:29:59] "GET /api/v1/reminders HTTP/1.1" 200 20920
[19/Apr/2026 03:30:39] "POST /api/v1/reminders HTTP/1.1" 201 890
[19/Apr/2026 03:30:39] "GET /api/v1/people HTTP/1.1" 200 30387
[19/Apr/2026 03:30:39] "GET /api/v1/reminders HTTP/1.1" 200 21811
[19/Apr/2026 03:31:16] "POST /api/v1/reminders HTTP/1.1" 201 890
[19/Apr/2026 03:31:16] "GET /api/v1/reminders HTTP/1.1" 200 22702
[19/Apr/2026 03:31:16] "GET /api/v1/people HTTP/1.1" 200 30530
[19/Apr/2026 03:32:08] "GET /api/v1/people HTTP/1.1" 200 30530
[19/Apr/2026 03:32:11] "OPTIONS /api/v1/home HTTP/1.1" 200 0
[19/Apr/2026 03:32:11] "GET /api/v1/home HTTP/1.1" 200 12444
[19/Apr/2026 03:32:32] "GET /api/v1/reminders HTTP/1.1" 200 22702
[19/Apr/2026 03:32:43] "GET /api/v1/people HTTP/1.1" 200 30530
[19/Apr/2026 03:32:56] "POST /api/v1/reminders HTTP/1.1" 201 871
[19/Apr/2026 03:32:56] "GET /api/v1/reminders HTTP/1.1" 200 23574
[19/Apr/2026 03:32:56] "GET /api/v1/people HTTP/1.1" 200 30654
[19/Apr/2026 03:33:35] "POST /api/v1/reminders HTTP/1.1" 201 892
[19/Apr/2026 03:33:35] "GET /api/v1/people HTTP/1.1" 200 30780
[19/Apr/2026 03:33:35] "GET /api/v1/reminders HTTP/1.1" 200 24467
[19/Apr/2026 03:34:01] "POST /api/v1/reminders HTTP/1.1" 201 874
[19/Apr/2026 03:34:01] "GET /api/v1/reminders HTTP/1.1" 200 25342
[19/Apr/2026 03:34:01] "GET /api/v1/people HTTP/1.1" 200 30906
[19/Apr/2026 03:34:30] "OPTIONS /api/v1/reminders/38/complete HTTP/1.1" 200 0
[19/Apr/2026 03:34:30] "POST /api/v1/reminders/38/complete HTTP/1.1" 200 901
[19/Apr/2026 03:34:30] "GET /api/v1/reminders HTTP/1.1" 200 25369
[19/Apr/2026 03:34:33] "GET /api/v1/people HTTP/1.1" 200 30904
[19/Apr/2026 03:35:18] "POST /api/v1/reminders HTTP/1.1" 201 894
[19/Apr/2026 03:35:18] "OPTIONS /api/v1/people HTTP/1.1" 200 0
[19/Apr/2026 03:35:18] "GET /api/v1/reminders HTTP/1.1" 200 26264
[19/Apr/2026 03:35:18] "GET /api/v1/people HTTP/1.1" 200 31050
[19/Apr/2026 03:35:31] "GET /api/v1/people HTTP/1.1" 200 31050
[19/Apr/2026 03:35:54] "OPTIONS /api/v1/garden HTTP/1.1" 200 0
[19/Apr/2026 03:35:54] "GET /api/v1/garden HTTP/1.1" 200 5332
[19/Apr/2026 03:36:03] "OPTIONS /api/v1/interactions HTTP/1.1" 200 0
[19/Apr/2026 03:36:03] "GET /api/v1/interactions HTTP/1.1" 200 23176
[19/Apr/2026 03:36:25] "GET /api/v1/home HTTP/1.1" 200 13421
[19/Apr/2026 03:40:01] "GET /api/v1/home HTTP/1.1" 200 13421
[19/Apr/2026 03:40:13] "GET /api/v1/garden HTTP/1.1" 200 5332
[19/Apr/2026 03:42:07] "GET /api/v1/garden HTTP/1.1" 200 5332
[19/Apr/2026 03:42:11] "GET /api/v1/garden HTTP/1.1" 200 5332
[19/Apr/2026 03:42:31] "OPTIONS /api/v1/home HTTP/1.1" 200 0
[19/Apr/2026 03:42:32] "GET /api/v1/home HTTP/1.1" 200 13421
[19/Apr/2026 03:42:33] "GET /api/v1/home HTTP/1.1" 200 13421
[19/Apr/2026 03:44:31] "GET /api/v1/home HTTP/1.1" 200 13421
[19/Apr/2026 03:45:20] "OPTIONS /api/v1/people HTTP/1.1" 200 0
[19/Apr/2026 03:45:20] "POST /api/v1/people HTTP/1.1" 201 885
[19/Apr/2026 03:45:20] "OPTIONS /api/v1/people/22 HTTP/1.1" 200 0
[19/Apr/2026 03:45:20] "GET /api/v1/people/22 HTTP/1.1" 200 885
[19/Apr/2026 03:45:52] "GET /api/v1/people HTTP/1.1" 200 31936
[19/Apr/2026 03:45:57] "GET /api/v1/people/22 HTTP/1.1" 200 885
[19/Apr/2026 03:45:58] "OPTIONS /api/v1/interactions HTTP/1.1" 200 0
[19/Apr/2026 03:45:58] "GET /api/v1/interactions HTTP/1.1" 200 23176
[19/Apr/2026 03:46:04] "GET /api/v1/people HTTP/1.1" 200 31936
[19/Apr/2026 03:46:11] "OPTIONS /api/v1/people?q=D HTTP/1.1" 200 0
[19/Apr/2026 03:46:11] "GET /api/v1/people?q=D HTTP/1.1" 200 23535
[19/Apr/2026 03:46:11] "OPTIONS /api/v1/people?q=Da HTTP/1.1" 200 0
[19/Apr/2026 03:46:11] "GET /api/v1/people?q=Da HTTP/1.1" 200 14345
[19/Apr/2026 03:46:14] "OPTIONS /api/v1/people?q=S HTTP/1.1" 200 0
[19/Apr/2026 03:46:14] "GET /api/v1/people?q=S HTTP/1.1" 200 31936
[19/Apr/2026 03:46:14] "OPTIONS /api/v1/people?q=Sa HTTP/1.1" 200 0
[19/Apr/2026 03:46:14] "GET /api/v1/people?q=Sa HTTP/1.1" 200 3483
[19/Apr/2026 03:46:54] "POST /api/v1/interactions HTTP/1.1" 201 1523
[19/Apr/2026 03:46:54] "GET /api/v1/people/22 HTTP/1.1" 200 1669
[19/Apr/2026 03:46:54] "GET /api/v1/people HTTP/1.1" 200 32720
[19/Apr/2026 03:47:07] "GET /api/v1/interactions HTTP/1.1" 200 24700
[19/Apr/2026 03:49:06] "GET /api/v1/interactions HTTP/1.1" 200 24700
[19/Apr/2026 03:49:06,575] - Broken pipe from ('172.20.10.1', 57134)
[19/Apr/2026 03:49:07] "GET /api/v1/interactions HTTP/1.1" 200 24700
[19/Apr/2026 03:49:08] "GET /api/v1/people HTTP/1.1" 200 32720
[19/Apr/2026 03:49:12] "GET /api/v1/people?q=S HTTP/1.1" 200 32720
[19/Apr/2026 03:49:12] "GET /api/v1/people?q=Sa HTTP/1.1" 200 4267
[19/Apr/2026 03:49:12] "OPTIONS /api/v1/people?q=Sara HTTP/1.1" 200 0
[19/Apr/2026 03:49:12] "GET /api/v1/people?q=Sara HTTP/1.1" 200 4267
[19/Apr/2026 03:49:12] "OPTIONS /api/v1/people?q=Sar HTTP/1.1" 200 0
[19/Apr/2026 03:49:12] "GET /api/v1/people?q=Sar HTTP/1.1" 200 4267
[19/Apr/2026 03:49:13] "GET /api/v1/people/22 HTTP/1.1" 200 1669
[19/Apr/2026 03:49:16] "GET /api/v1/people HTTP/1.1" 200 32720
[19/Apr/2026 03:49:34] "POST /api/v1/interactions HTTP/1.1" 201 1528
[19/Apr/2026 03:49:34] "GET /api/v1/people HTTP/1.1" 200 33499
[19/Apr/2026 03:49:34] "GET /api/v1/interactions HTTP/1.1" 200 26229
[19/Apr/2026 03:49:41] "GET /api/v1/people HTTP/1.1" 200 33499
[19/Apr/2026 03:49:49] "OPTIONS /api/v1/garden HTTP/1.1" 200 0
[19/Apr/2026 03:49:49] "GET /api/v1/garden HTTP/1.1" 200 5884
[19/Apr/2026 03:50:33] "GET /api/v1/garden HTTP/1.1" 200 5884
[19/Apr/2026 03:50:33] "GET /api/v1/interactions HTTP/1.1" 200 26229
[19/Apr/2026 03:50:51] "GET /api/v1/people HTTP/1.1" 200 33499
[19/Apr/2026 03:53:49] "POST /api/v1/interactions HTTP/1.1" 201 1552
[19/Apr/2026 03:53:49] "GET /api/v1/people HTTP/1.1" 200 34310
[19/Apr/2026 03:53:49] "GET /api/v1/interactions HTTP/1.1" 200 27786
[19/Apr/2026 03:54:04] "OPTIONS /api/v1/interactions/30 HTTP/1.1" 200 0
[19/Apr/2026 03:54:04] "GET /api/v1/interactions/30 HTTP/1.1" 200 1552
[19/Apr/2026 03:54:32] "PATCH /api/v1/interactions/30 HTTP/1.1" 200 1568
[19/Apr/2026 03:54:32] "GET /api/v1/people HTTP/1.1" 200 34326
[19/Apr/2026 03:54:32] "GET /api/v1/interactions HTTP/1.1" 200 27802
[19/Apr/2026 03:54:47] "GET /api/v1/interactions/30 HTTP/1.1" 200 1568
[19/Apr/2026 03:54:50] "OPTIONS /api/v1/interactions/27 HTTP/1.1" 200 0
[19/Apr/2026 03:54:50] "GET /api/v1/interactions/27 HTTP/1.1" 200 1611
[19/Apr/2026 03:54:56] "GET /api/v1/people HTTP/1.1" 200 34326
[19/Apr/2026 03:55:01] "GET /api/v1/people/22 HTTP/1.1" 200 3275
[19/Apr/2026 03:55:46] "OPTIONS /api/v1/people/22 HTTP/1.1" 200 0
[19/Apr/2026 03:55:46] "GET /api/v1/people/22 HTTP/1.1" 200 3275
[19/Apr/2026 03:56:22] "GET /api/v1/garden HTTP/1.1" 200 5885
[19/Apr/2026 03:56:54] "OPTIONS /api/v1/home HTTP/1.1" 200 0
[19/Apr/2026 03:56:54] "GET /api/v1/home HTTP/1.1" 200 14991
[19/Apr/2026 03:56:59] "OPTIONS /api/v1/people HTTP/1.1" 200 0
[19/Apr/2026 03:56:59] "GET /api/v1/people HTTP/1.1" 200 34326
[19/Apr/2026 03:57:08] "OPTIONS /api/v1/reminders HTTP/1.1" 200 0
[19/Apr/2026 03:57:08] "POST /api/v1/reminders HTTP/1.1" 201 876
[19/Apr/2026 03:57:09] "OPTIONS /api/v1/interactions/30/complete-follow-up HTTP/1.1" 200 0
[19/Apr/2026 03:57:09] "POST /api/v1/interactions/30/complete-follow-up HTTP/1.1" 200 1599
[19/Apr/2026 03:57:09] "GET /api/v1/people HTTP/1.1" 200 34501
[19/Apr/2026 03:57:09] "GET /api/v1/reminders HTTP/1.1" 200 27141
[19/Apr/2026 03:57:17] "OPTIONS /api/v1/reminders/37/complete HTTP/1.1" 200 0
[19/Apr/2026 03:57:17] "POST /api/v1/reminders/37/complete HTTP/1.1" 200 919
[19/Apr/2026 03:57:17] "GET /api/v1/reminders HTTP/1.1" 200 27168
[19/Apr/2026 03:57:19] "OPTIONS /api/v1/reminders/36/complete HTTP/1.1" 200 0
[19/Apr/2026 03:57:19] "POST /api/v1/reminders/36/complete HTTP/1.1" 200 898
[19/Apr/2026 03:57:19] "GET /api/v1/reminders HTTP/1.1" 200 27195
[19/Apr/2026 03:59:18] "GET /api/v1/reminders HTTP/1.1" 200 27195
[19/Apr/2026 04:00:03] "GET /api/v1/people HTTP/1.1" 200 34783
[19/Apr/2026 04:00:03] "GET /api/v1/home HTTP/1.1" 200 13406
[19/Apr/2026 04:00:06] "OPTIONS /api/v1/garden HTTP/1.1" 200 0
[19/Apr/2026 04:00:06] "GET /api/v1/garden HTTP/1.1" 200 5885
[19/Apr/2026 04:00:10] "OPTIONS /api/v1/interactions HTTP/1.1" 200 0
[19/Apr/2026 04:00:10] "GET /api/v1/interactions HTTP/1.1" 200 27833
[19/Apr/2026 04:00:17] "GET /api/v1/reminders HTTP/1.1" 200 27195
[19/Apr/2026 04:00:31] "GET /api/v1/people/22 HTTP/1.1" 200 3450
[19/Apr/2026 04:00:40] "GET /api/v1/people HTTP/1.1" 200 34783
[19/Apr/2026 04:01:21] "GET /api/v1/people HTTP/1.1" 200 34783
[19/Apr/2026 04:01:27] "GET /api/v1/home HTTP/1.1" 200 13406
[19/Apr/2026 04:03:30] "GET /api/v1/home HTTP/1.1" 200 13406
[19/Apr/2026 04:03:55] "POST /api/v1/people HTTP/1.1" 201 857
[19/Apr/2026 04:03:55] "OPTIONS /api/v1/people/23 HTTP/1.1" 200 0
[19/Apr/2026 04:03:55] "GET /api/v1/people/23 HTTP/1.1" 200 857
[19/Apr/2026 04:04:24] "PATCH /api/v1/people/23 HTTP/1.1" 200 1004
[19/Apr/2026 04:04:28] "GET /api/v1/people HTTP/1.1" 200 35788
[19/Apr/2026 04:04:59] "POST /api/v1/interactions HTTP/1.1" 201 1553
[19/Apr/2026 04:04:59] "GET /api/v1/people HTTP/1.1" 200 36602
[19/Apr/2026 04:04:59] "GET /api/v1/interactions HTTP/1.1" 200 29387
[19/Apr/2026 04:05:14] "OPTIONS /api/v1/interactions/31 HTTP/1.1" 200 0
[19/Apr/2026 04:05:15] "GET /api/v1/interactions/31 HTTP/1.1" 200 1553
[19/Apr/2026 04:05:43] "PATCH /api/v1/interactions/31 HTTP/1.1" 200 1567
[19/Apr/2026 04:05:43] "GET /api/v1/people HTTP/1.1" 200 36616
[19/Apr/2026 04:05:43] "GET /api/v1/interactions HTTP/1.1" 200 29401
[19/Apr/2026 04:05:50] "GET /api/v1/garden HTTP/1.1" 200 6437
[19/Apr/2026 04:06:00] "GET /api/v1/people/23 HTTP/1.1" 200 1832
[19/Apr/2026 04:06:21] "GET /api/v1/garden HTTP/1.1" 200 6437
[19/Apr/2026 04:06:27] "GET /api/v1/home HTTP/1.1" 200 14970
[19/Apr/2026 04:06:30] "GET /api/v1/people HTTP/1.1" 200 36616
[19/Apr/2026 04:06:43] "POST /api/v1/reminders HTTP/1.1" 201 876
[19/Apr/2026 04:06:43] "OPTIONS /api/v1/interactions/31/complete-follow-up HTTP/1.1" 200 0
[19/Apr/2026 04:06:43] "POST /api/v1/interactions/31/complete-follow-up HTTP/1.1" 200 1598
[19/Apr/2026 04:06:43] "GET /api/v1/people HTTP/1.1" 200 36792
[19/Apr/2026 04:06:43] "GET /api/v1/reminders HTTP/1.1" 200 28941
[19/Apr/2026 04:07:16] "OPTIONS /api/v1/reminders/42/complete HTTP/1.1" 200 0
[19/Apr/2026 04:07:16] "POST /api/v1/reminders/42/complete HTTP/1.1" 200 903
[19/Apr/2026 04:07:16] "OPTIONS /api/v1/reminders HTTP/1.1" 200 0
[19/Apr/2026 04:07:16] "GET /api/v1/reminders HTTP/1.1" 200 28968
[19/Apr/2026 04:11:47] "GET /api/v1/reminders HTTP/1.1" 200 26318
[19/Apr/2026 04:11:50] "OPTIONS /api/v1/garden HTTP/1.1" 200 0
[19/Apr/2026 04:11:50] "GET /api/v1/garden HTTP/1.1" 200 5332
[19/Apr/2026 04:11:51] "OPTIONS /api/v1/people HTTP/1.1" 200 0
[19/Apr/2026 04:11:51] "GET /api/v1/people HTTP/1.1" 200 31332
[19/Apr/2026 04:12:02] "OPTIONS /api/v1/home HTTP/1.1" 200 0
[19/Apr/2026 04:12:02] "GET /api/v1/home HTTP/1.1" 200 13419
[19/Apr/2026 04:12:10] "OPTIONS /api/v1/reminders/34/complete HTTP/1.1" 200 0
[19/Apr/2026 04:12:10] "POST /api/v1/reminders/34/complete HTTP/1.1" 200 917
[19/Apr/2026 04:12:10] "GET /api/v1/reminders HTTP/1.1" 200 26345
[19/Apr/2026 04:12:26] "GET /api/v1/home HTTP/1.1" 200 13419
[19/Apr/2026 04:14:33] "GET /api/v1/home HTTP/1.1" 200 13419
[19/Apr/2026 04:14:34] "GET /api/v1/home HTTP/1.1" 200 13419
[19/Apr/2026 04:23:54] "OPTIONS /api/v1/home HTTP/1.1" 200 0
[19/Apr/2026 04:23:54] "GET /api/v1/home HTTP/1.1" 200 13419
[19/Apr/2026 04:24:27] "GET /api/v1/home HTTP/1.1" 200 13419
[19/Apr/2026 04:24:48] "OPTIONS /api/v1/people HTTP/1.1" 200 0
[19/Apr/2026 04:24:48] "POST /api/v1/people HTTP/1.1" 201 857
[19/Apr/2026 04:24:49] "OPTIONS /api/v1/people/24 HTTP/1.1" 200 0
[19/Apr/2026 04:24:49] "GET /api/v1/people/24 HTTP/1.1" 200 857
[19/Apr/2026 04:25:06] "PATCH /api/v1/people/24 HTTP/1.1" 200 1004
[19/Apr/2026 04:25:09] "GET /api/v1/people HTTP/1.1" 200 32478
[19/Apr/2026 04:25:34] "OPTIONS /api/v1/interactions HTTP/1.1" 200 0
[19/Apr/2026 04:25:34] "POST /api/v1/interactions HTTP/1.1" 201 1553
[19/Apr/2026 04:25:34] "GET /api/v1/people HTTP/1.1" 200 33292
[19/Apr/2026 04:25:34] "GET /api/v1/interactions HTTP/1.1" 200 24730
[19/Apr/2026 04:25:39] "OPTIONS /api/v1/interactions/32 HTTP/1.1" 200 0
[19/Apr/2026 04:25:39] "GET /api/v1/interactions/32 HTTP/1.1" 200 1553
[19/Apr/2026 04:26:04] "OPTIONS /api/v1/garden HTTP/1.1" 200 0
[19/Apr/2026 04:26:04] "GET /api/v1/garden HTTP/1.1" 200 5885
[19/Apr/2026 04:26:05] "GET /api/v1/people HTTP/1.1" 200 33292
[19/Apr/2026 04:26:07] "GET /api/v1/interactions HTTP/1.1" 200 24730
[19/Apr/2026 04:26:10] "GET /api/v1/home HTTP/1.1" 200 14956
[19/Apr/2026 04:26:46] "OPTIONS /api/v1/interactions/27 HTTP/1.1" 200 0
[19/Apr/2026 04:26:46] "GET /api/v1/people HTTP/1.1" 200 33292
[19/Apr/2026 04:26:46] "GET /api/v1/interactions/27 HTTP/1.1" 200 1611
[19/Apr/2026 04:26:53] "PATCH /api/v1/interactions/27 HTTP/1.1" 200 1612
[19/Apr/2026 04:26:53] "GET /api/v1/people HTTP/1.1" 200 33293
[19/Apr/2026 04:26:53] "GET /api/v1/interactions HTTP/1.1" 200 24731
[19/Apr/2026 04:27:00] "OPTIONS /api/v1/interactions/22 HTTP/1.1" 200 0
[19/Apr/2026 04:27:00] "GET /api/v1/interactions/22 HTTP/1.1" 200 1734
[19/Apr/2026 04:27:09] "PATCH /api/v1/interactions/22 HTTP/1.1" 200 1722
[19/Apr/2026 04:27:09] "GET /api/v1/interactions HTTP/1.1" 200 24719
[19/Apr/2026 04:27:09] "GET /api/v1/people HTTP/1.1" 200 33281
[19/Apr/2026 04:27:15] "OPTIONS /api/v1/interactions/15 HTTP/1.1" 200 0
[19/Apr/2026 04:27:15] "GET /api/v1/interactions/15 HTTP/1.1" 200 1740
[19/Apr/2026 04:27:22] "PATCH /api/v1/interactions/15 HTTP/1.1" 200 1729
[19/Apr/2026 04:27:22] "GET /api/v1/people HTTP/1.1" 200 33270
[19/Apr/2026 04:27:22] "GET /api/v1/interactions HTTP/1.1" 200 24708
[19/Apr/2026 04:27:32] "GET /api/v1/people HTTP/1.1" 200 33270
[19/Apr/2026 04:27:34] "GET /api/v1/home HTTP/1.1" 200 14956
[19/Apr/2026 04:27:57] "GET /api/v1/garden HTTP/1.1" 200 5885
[19/Apr/2026 04:28:11] "GET /api/v1/interactions HTTP/1.1" 200 24708
[19/Apr/2026 04:28:16] "GET /api/v1/interactions/32 HTTP/1.1" 200 1553
[19/Apr/2026 04:28:16] "GET /api/v1/people HTTP/1.1" 200 33270
[19/Apr/2026 04:28:27] "PATCH /api/v1/interactions/32 HTTP/1.1" 200 1569
[19/Apr/2026 04:28:27] "GET /api/v1/people HTTP/1.1" 200 33286
[19/Apr/2026 04:28:28] "GET /api/v1/interactions HTTP/1.1" 200 24724
[19/Apr/2026 04:28:32] "GET /api/v1/garden HTTP/1.1" 200 5885
[19/Apr/2026 04:28:35] "OPTIONS /api/v1/garden?health=needs_attention HTTP/1.1" 200 0
[19/Apr/2026 04:28:35] "GET /api/v1/garden?health=needs_attention HTTP/1.1" 200 742
[19/Apr/2026 04:28:39] "OPTIONS /api/v1/people/14 HTTP/1.1" 200 0
[19/Apr/2026 04:28:39] "GET /api/v1/people/14 HTTP/1.1" 200 3201
[19/Apr/2026 04:28:47] "GET /api/v1/home HTTP/1.1" 200 14972
[19/Apr/2026 04:29:01] "OPTIONS /api/v1/reminders HTTP/1.1" 200 0
[19/Apr/2026 04:29:01] "POST /api/v1/reminders HTTP/1.1" 201 876
[19/Apr/2026 04:29:01] "OPTIONS /api/v1/interactions/32/complete-follow-up HTTP/1.1" 200 0
[19/Apr/2026 04:29:01] "POST /api/v1/interactions/32/complete-follow-up HTTP/1.1" 200 1600
[19/Apr/2026 04:29:01] "GET /api/v1/people HTTP/1.1" 200 33462
[19/Apr/2026 04:29:01] "GET /api/v1/reminders HTTP/1.1" 200 28091
[19/Apr/2026 04:29:25] "OPTIONS /api/v1/reminders/44/complete HTTP/1.1" 200 0
[19/Apr/2026 04:29:25] "POST /api/v1/reminders/44/complete HTTP/1.1" 200 903
[19/Apr/2026 04:29:25] "GET /api/v1/reminders HTTP/1.1" 200 28118
[19/Apr/2026 04:29:29] "GET /api/v1/home HTTP/1.1" 200 13402
[19/Apr/2026 04:49:35] "OPTIONS /api/v1/home HTTP/1.1" 200 0
[19/Apr/2026 04:49:35] "GET /api/v1/home HTTP/1.1" 200 13402
[19/Apr/2026 04:50:08] "GET /api/v1/home HTTP/1.1" 200 13402
[19/Apr/2026 04:50:38,260] - Broken pipe from ('172.20.10.1', 57228)
[19/Apr/2026 04:50:46] "OPTIONS /api/v1/people HTTP/1.1" 200 0
[19/Apr/2026 04:50:46] "GET /api/v1/people HTTP/1.1" 200 33603
[19/Apr/2026 04:50:50] "GET /api/v1/home HTTP/1.1" 200 13402
[19/Apr/2026 04:50:55] "OPTIONS /api/v1/garden HTTP/1.1" 200 0
[19/Apr/2026 04:50:56] "OPTIONS /api/v1/interactions HTTP/1.1" 200 0
[19/Apr/2026 04:50:56] "GET /api/v1/garden HTTP/1.1" 200 5885
[19/Apr/2026 04:50:56] "GET /api/v1/interactions HTTP/1.1" 200 24755
[19/Apr/2026 04:52:16] "POST /api/v1/people HTTP/1.1" 201 1026
[19/Apr/2026 04:52:16] "OPTIONS /api/v1/people/25 HTTP/1.1" 200 0
[19/Apr/2026 04:52:18] "GET /api/v1/people/25 HTTP/1.1" 200 1026
[19/Apr/2026 04:52:54] "GET /api/v1/interactions HTTP/1.1" 200 24755
[19/Apr/2026 04:53:00] "GET /api/v1/home HTTP/1.1" 200 13315
[19/Apr/2026 04:53:43] "GET /api/v1/garden HTTP/1.1" 200 6427
Bad Request: /api/v1/people
[19/Apr/2026 04:53:46] "POST /api/v1/people HTTP/1.1" 400 73
[19/Apr/2026 04:53:50] "GET /api/v1/home HTTP/1.1" 200 13315
[19/Apr/2026 04:56:11,150] - Broken pipe from ('172.20.10.1', 57054)
[19/Apr/2026 04:56:11,151] - Broken pipe from ('172.20.10.1', 56953)
[19/Apr/2026 04:56:11,152] - Broken pipe from ('172.20.10.1', 56952)
[19/Apr/2026 04:56:11,152] - Broken pipe from ('172.20.10.1', 56955)
